Input Dirac increment:
Valid time:2010-01-01T12:00:00Z
Quench geometry grid:
- name: F20
- size: 3200
Function space:
- type: StructuredColumns
- size: 2116
- nb_partitions: 2
- halo: 3
Vertical levels: 
- number: 10
- vunit: [1.0000000000000000e+00,2.0000000000000000e+00,3.0000000000000000e+00,4.0000000000000000e+00,5.0000000000000000e+00,6.0000000000000000e+00,7.0000000000000000e+00,8.0000000000000000e+00,9.0000000000000000e+00,1.0000000000000000e+01]
Fields:
  var: 1.0000000000000000e+00
       Compute independent levels:  1[10] 
          Level   1:   -907080636
          Level   2:   -907080636
          Level   3:   -907080636
          Level   4:   -907080636
          Level   5:   -907080636
          Level   6:   -907080636
          Level   7:   -907080636
          Level   8:   -907080636
          Level   9:   -907080636
          Level  10:   -907080636
          Model grid size:             3200
          Subset Sc0 size:             3200
          Number of duplicated points (halo):         0 (  0.00%)
          Min. / max. longitudes: -175.5 /   180.0
          Min. / max. latitudes:   -86.6 /    86.6
          Domain area (% of Earth area): 0.100E+03%
             Level   1 ~> 100.0%
             Level   2 ~> 100.0%
             Level   3 ~> 100.0%
             Level   4 ~> 100.0%
             Level   5 ~> 100.0%
             Level   6 ~> 100.0%
             Level   7 ~> 100.0%
             Level   8 ~> 100.0%
             Level   9 ~> 100.0%
             Level  10 ~> 100.0%
             Level   1 ~>  0.100E+01 vert. unit
             Level   2 ~>  0.200E+01 vert. unit
             Level   3 ~>  0.300E+01 vert. unit
             Level   4 ~>  0.400E+01 vert. unit
             Level   5 ~>  0.500E+01 vert. unit
             Level   6 ~>  0.600E+01 vert. unit
             Level   7 ~>  0.700E+01 vert. unit
             Level   8 ~>  0.800E+01 vert. unit
             Level   9 ~>  0.900E+01 vert. unit
             Level  10 ~>  0.100E+02 vert. unit
Covariance(SABER) * Increment:
Valid time:2010-01-01T12:00:00Z
Quench geometry grid:
- name: F20
- size: 3200
Function space:
- type: StructuredColumns
- size: 2116
- nb_partitions: 2
- halo: 3
Vertical levels: 
- number: 10
- vunit: [1.0000000000000000e+00,2.0000000000000000e+00,3.0000000000000000e+00,4.0000000000000000e+00,5.0000000000000000e+00,6.0000000000000000e+00,7.0000000000000000e+00,8.0000000000000000e+00,9.0000000000000000e+00,1.0000000000000000e+01]
Fields:
  var: 2.3058087730052328e+01
