Test     : CostJb   : Nonlinear Jb = 0
Test     : CostJo   : Nonlinear Jo(Stream) = 3235.66, nobs = 300, Jo/n = 10.7855, err = 4e+06
Test     : CostJo   : Nonlinear Jo(Wind) = 173.865, nobs = 160, Jo/n = 1.08665, err = 6
Test     : CostJo   : Nonlinear Jo(WSpeed) = 102.483, nobs = 300, Jo/n = 0.34161, err = 12
Test     : CostJcDFI: Nonlinear Jc = 16.3749
Test     : CostFunction: Nonlinear J = 3528.38
Test     : DRPLanczosMinimizer: reduction in residual norm = 0.0441339
Test     : CostFunction::addIncrement: Analysis: 
Test     :   Valid time: 2010-01-01T00:00:00Z
Test     :   Resolution = 40, 20, 2
Test     :   Variable = streamfunction
Test     :   Boundary conditions are activated
Test     :   Scaling=  1e+08, Min=     -5.0081, Max=      1.0300, RMS=      1.8923
Test     :   Scaling=  1e+08, Min=     -4.0032, Max=     -0.0000, RMS=      2.0632
Test     :   Scaling=  0.001, Min=     -0.6729, Max=      0.5790, RMS=      0.4464
Test     :   Valid time: 2010-01-01T01:00:00Z
Test     :   Resolution = 40, 20, 2
Test     :   Variable = streamfunction
Test     :   Boundary conditions are activated
Test     :   Scaling=  1e+08, Min=     -4.9712, Max=      1.0310, RMS=      1.8823
Test     :   Scaling=  1e+08, Min=     -4.0032, Max=     -0.0000, RMS=      2.0632
Test     :   Scaling=  0.001, Min=     -0.6729, Max=      0.5790, RMS=      0.4464
Test     :   Valid time: 2010-01-01T02:00:00Z
Test     :   Resolution = 40, 20, 2
Test     :   Variable = streamfunction
Test     :   Boundary conditions are activated
Test     :   Scaling=  1e+08, Min=     -4.9347, Max=      1.0312, RMS=      1.8730
Test     :   Scaling=  1e+08, Min=     -4.0032, Max=     -0.0000, RMS=      2.0632
Test     :   Scaling=  0.001, Min=     -0.6729, Max=      0.5790, RMS=      0.4464
Test     :   Valid time: 2010-01-01T03:00:00Z
Test     :   Resolution = 40, 20, 2
Test     :   Variable = streamfunction
Test     :   Boundary conditions are activated
Test     :   Scaling=  1e+08, Min=     -4.8980, Max=      1.0308, RMS=      1.8642
Test     :   Scaling=  1e+08, Min=     -4.0032, Max=     -0.0000, RMS=      2.0632
Test     :   Scaling=  0.001, Min=     -0.6729, Max=      0.5790, RMS=      0.4464
Test     :   Valid time: 2010-01-01T04:00:00Z
Test     :   Resolution = 40, 20, 2
Test     :   Variable = streamfunction
Test     :   Boundary conditions are activated
Test     :   Scaling=  1e+08, Min=     -4.8609, Max=      1.0298, RMS=      1.8560
Test     :   Scaling=  1e+08, Min=     -4.0032, Max=     -0.0000, RMS=      2.0632
Test     :   Scaling=  0.001, Min=     -0.6729, Max=      0.5790, RMS=      0.4464
Test     :   Valid time: 2010-01-01T05:00:00Z
Test     :   Resolution = 40, 20, 2
Test     :   Variable = streamfunction
Test     :   Boundary conditions are activated
Test     :   Scaling=  1e+08, Min=     -4.8227, Max=      1.0284, RMS=      1.8481
Test     :   Scaling=  1e+08, Min=     -4.0032, Max=     -0.0000, RMS=      2.0632
Test     :   Scaling=  0.001, Min=     -0.6729, Max=      0.5790, RMS=      0.4464
Test     :   Valid time: 2010-01-01T06:00:00Z
Test     :   Resolution = 40, 20, 2
Test     :   Variable = streamfunction
Test     :   Boundary conditions are activated
Test     :   Scaling=  1e+08, Min=     -4.7822, Max=      1.0267, RMS=      1.8404
Test     :   Scaling=  1e+08, Min=     -4.0032, Max=     -0.0000, RMS=      2.0632
Test     :   Scaling=  0.001, Min=     -0.6729, Max=      0.5790, RMS=      0.4464
Test     :   Valid time: 2010-01-01T07:00:00Z
Test     :   Resolution = 40, 20, 2
Test     :   Variable = streamfunction
Test     :   Boundary conditions are activated
Test     :   Scaling=  1e+08, Min=     -4.7379, Max=      1.0248, RMS=      1.8326
Test     :   Scaling=  1e+08, Min=     -4.0032, Max=     -0.0000, RMS=      2.0632
Test     :   Scaling=  0.001, Min=     -0.6729, Max=      0.5790, RMS=      0.4464
Test     :   Valid time: 2010-01-01T08:00:00Z
Test     :   Resolution = 40, 20, 2
Test     :   Variable = streamfunction
Test     :   Boundary conditions are activated
Test     :   Scaling=  1e+08, Min=     -4.7025, Max=      1.0227, RMS=      1.8248
Test     :   Scaling=  1e+08, Min=     -4.0032, Max=     -0.0000, RMS=      2.0632
Test     :   Scaling=  0.001, Min=     -0.6729, Max=      0.5790, RMS=      0.4464
Test     :   Valid time: 2010-01-01T09:00:00Z
Test     :   Resolution = 40, 20, 2
Test     :   Variable = streamfunction
Test     :   Boundary conditions are activated
Test     :   Scaling=  1e+08, Min=     -4.6646, Max=      1.0205, RMS=      1.8168
Test     :   Scaling=  1e+08, Min=     -4.0032, Max=     -0.0000, RMS=      2.0632
Test     :   Scaling=  0.001, Min=     -0.6729, Max=      0.5790, RMS=      0.4464
Test     :   Valid time: 2010-01-01T10:00:00Z
Test     :   Resolution = 40, 20, 2
Test     :   Variable = streamfunction
Test     :   Boundary conditions are activated
Test     :   Scaling=  1e+08, Min=     -4.6334, Max=      1.0183, RMS=      1.8085
Test     :   Scaling=  1e+08, Min=     -4.0032, Max=     -0.0000, RMS=      2.0632
Test     :   Scaling=  0.001, Min=     -0.6729, Max=      0.5790, RMS=      0.4464
Test     :   Valid time: 2010-01-01T11:00:00Z
Test     :   Resolution = 40, 20, 2
Test     :   Variable = streamfunction
Test     :   Boundary conditions are activated
Test     :   Scaling=  1e+08, Min=     -4.6044, Max=      1.0161, RMS=      1.7999
Test     :   Scaling=  1e+08, Min=     -4.0032, Max=     -0.0000, RMS=      2.0632
Test     :   Scaling=  0.001, Min=     -0.6729, Max=      0.5790, RMS=      0.4464
Test     :   Valid time: 2010-01-01T12:00:00Z
Test     :   Resolution = 40, 20, 2
Test     :   Variable = streamfunction
Test     :   Boundary conditions are activated
Test     :   Scaling=  1e+08, Min=     -4.5717, Max=      1.0140, RMS=      1.7914
Test     :   Scaling=  1e+08, Min=     -4.0032, Max=     -0.0000, RMS=      2.0632
Test     :   Scaling=  0.001, Min=     -0.6729, Max=      0.5790, RMS=      0.4464
Test     : CostJb   : Nonlinear Jb = 47.57
Test     : CostJo   : Nonlinear Jo(Stream) = 224.6, nobs = 300, Jo/n = 0.7487, err = 4e+06
Test     : CostJo   : Nonlinear Jo(Wind) = 94.06, nobs = 160, Jo/n = 0.5879, err = 6
Test     : CostJo   : Nonlinear Jo(WSpeed) = 61.97, nobs = 300, Jo/n = 0.2066, err = 12
Test     : CostJcDFI: Nonlinear Jc = 24.64
Test     : CostFunction: Nonlinear J = 452.8
Test     : DRPLanczosMinimizer: reduction in residual norm = 0.6109
Test     : CostFunction::addIncrement: Analysis: 
Test     :   Valid time: 2010-01-01T00:00:00Z
Test     :   Resolution = 40, 20, 2
Test     :   Variable = streamfunction
Test     :   Boundary conditions are activated
Test     :   Scaling=  1e+08, Min=     -4.9729, Max=      1.0243, RMS=      1.8892
Test     :   Scaling=  1e+08, Min=     -4.0032, Max=     -0.0000, RMS=      2.0632
Test     :   Scaling=  0.001, Min=     -0.6729, Max=      0.5790, RMS=      0.4464
Test     :   Valid time: 2010-01-01T01:00:00Z
Test     :   Resolution = 40, 20, 2
Test     :   Variable = streamfunction
Test     :   Boundary conditions are activated
Test     :   Scaling=  1e+08, Min=     -4.9392, Max=      1.0275, RMS=      1.8786
Test     :   Scaling=  1e+08, Min=     -4.0032, Max=     -0.0000, RMS=      2.0632
Test     :   Scaling=  0.001, Min=     -0.6729, Max=      0.5790, RMS=      0.4464
Test     :   Valid time: 2010-01-01T02:00:00Z
Test     :   Resolution = 40, 20, 2
Test     :   Variable = streamfunction
Test     :   Boundary conditions are activated
Test     :   Scaling=  1e+08, Min=     -4.9061, Max=      1.0301, RMS=      1.8687
Test     :   Scaling=  1e+08, Min=     -4.0032, Max=     -0.0000, RMS=      2.0632
Test     :   Scaling=  0.001, Min=     -0.6729, Max=      0.5790, RMS=      0.4464
Test     :   Valid time: 2010-01-01T03:00:00Z
Test     :   Resolution = 40, 20, 2
Test     :   Variable = streamfunction
Test     :   Boundary conditions are activated
Test     :   Scaling=  1e+08, Min=     -4.8729, Max=      1.0322, RMS=      1.8593
Test     :   Scaling=  1e+08, Min=     -4.0032, Max=     -0.0000, RMS=      2.0632
Test     :   Scaling=  0.001, Min=     -0.6729, Max=      0.5790, RMS=      0.4464
Test     :   Valid time: 2010-01-01T04:00:00Z
Test     :   Resolution = 40, 20, 2
Test     :   Variable = streamfunction
Test     :   Boundary conditions are activated
Test     :   Scaling=  1e+08, Min=     -4.8395, Max=      1.0337, RMS=      1.8505
Test     :   Scaling=  1e+08, Min=     -4.0032, Max=     -0.0000, RMS=      2.0632
Test     :   Scaling=  0.001, Min=     -0.6729, Max=      0.5790, RMS=      0.4464
Test     :   Valid time: 2010-01-01T05:00:00Z
Test     :   Resolution = 40, 20, 2
Test     :   Variable = streamfunction
Test     :   Boundary conditions are activated
Test     :   Scaling=  1e+08, Min=     -4.8052, Max=      1.0350, RMS=      1.8420
Test     :   Scaling=  1e+08, Min=     -4.0032, Max=     -0.0000, RMS=      2.0632
Test     :   Scaling=  0.001, Min=     -0.6729, Max=      0.5790, RMS=      0.4464
Test     :   Valid time: 2010-01-01T06:00:00Z
Test     :   Resolution = 40, 20, 2
Test     :   Variable = streamfunction
Test     :   Boundary conditions are activated
Test     :   Scaling=  1e+08, Min=     -4.7687, Max=      1.0361, RMS=      1.8336
Test     :   Scaling=  1e+08, Min=     -4.0032, Max=     -0.0000, RMS=      2.0632
Test     :   Scaling=  0.001, Min=     -0.6729, Max=      0.5790, RMS=      0.4464
Test     :   Valid time: 2010-01-01T07:00:00Z
Test     :   Resolution = 40, 20, 2
Test     :   Variable = streamfunction
Test     :   Boundary conditions are activated
Test     :   Scaling=  1e+08, Min=     -4.7321, Max=      1.0370, RMS=      1.8252
Test     :   Scaling=  1e+08, Min=     -4.0032, Max=     -0.0000, RMS=      2.0632
Test     :   Scaling=  0.001, Min=     -0.6729, Max=      0.5790, RMS=      0.4464
Test     :   Valid time: 2010-01-01T08:00:00Z
Test     :   Resolution = 40, 20, 2
Test     :   Variable = streamfunction
Test     :   Boundary conditions are activated
Test     :   Scaling=  1e+08, Min=     -4.7010, Max=      1.0379, RMS=      1.8167
Test     :   Scaling=  1e+08, Min=     -4.0032, Max=     -0.0000, RMS=      2.0632
Test     :   Scaling=  0.001, Min=     -0.6729, Max=      0.5790, RMS=      0.4464
Test     :   Valid time: 2010-01-01T09:00:00Z
Test     :   Resolution = 40, 20, 2
Test     :   Variable = streamfunction
Test     :   Boundary conditions are activated
Test     :   Scaling=  1e+08, Min=     -4.6764, Max=      1.0386, RMS=      1.8080
Test     :   Scaling=  1e+08, Min=     -4.0032, Max=     -0.0000, RMS=      2.0632
Test     :   Scaling=  0.001, Min=     -0.6729, Max=      0.5790, RMS=      0.4464
Test     :   Valid time: 2010-01-01T10:00:00Z
Test     :   Resolution = 40, 20, 2
Test     :   Variable = streamfunction
Test     :   Boundary conditions are activated
Test     :   Scaling=  1e+08, Min=     -4.6488, Max=      1.0394, RMS=      1.7988
Test     :   Scaling=  1e+08, Min=     -4.0032, Max=     -0.0000, RMS=      2.0632
Test     :   Scaling=  0.001, Min=     -0.6729, Max=      0.5790, RMS=      0.4464
Test     :   Valid time: 2010-01-01T11:00:00Z
Test     :   Resolution = 40, 20, 2
Test     :   Variable = streamfunction
Test     :   Boundary conditions are activated
Test     :   Scaling=  1e+08, Min=     -4.6157, Max=      1.0401, RMS=      1.7894
Test     :   Scaling=  1e+08, Min=     -4.0032, Max=     -0.0000, RMS=      2.0632
Test     :   Scaling=  0.001, Min=     -0.6729, Max=      0.5790, RMS=      0.4464
Test     :   Valid time: 2010-01-01T12:00:00Z
Test     :   Resolution = 40, 20, 2
Test     :   Variable = streamfunction
Test     :   Boundary conditions are activated
Test     :   Scaling=  1e+08, Min=     -4.5787, Max=      1.0409, RMS=      1.7800
Test     :   Scaling=  1e+08, Min=     -4.0032, Max=     -0.0000, RMS=      2.0632
Test     :   Scaling=  0.001, Min=     -0.6729, Max=      0.5790, RMS=      0.4464
Test     : CostJb   : Nonlinear Jb = 61.98
Test     : CostJo   : Nonlinear Jo(Stream) = 169.9, nobs = 300, Jo/n = 0.5663, err = 4e+06
Test     : CostJo   : Nonlinear Jo(Wind) = 70, nobs = 160, Jo/n = 0.4375, err = 6
Test     : CostJo   : Nonlinear Jo(WSpeed) = 45.77, nobs = 300, Jo/n = 0.1526, err = 12
Test     : CostJcDFI: Nonlinear Jc = 23.56
Test     : CostFunction: Nonlinear J = 371.2
