Test     : CostJb   : Nonlinear Jb = 0
Test     : CostJo   : Nonlinear Jo(Stream) = 11062.1, nobs = 800, Jo/n = 13.8277, err = 4e+06
Test     : CostJo   : Nonlinear Jo(Wind) = 1356.83, nobs = 800, Jo/n = 1.69604, err = 6
Test     : CostJo   : Nonlinear Jo(WSpeed) = 179.84, nobs = 400, Jo/n = 0.4496, err = 12
Test     : CostJcDFI: Nonlinear Jc = 57.9613
Test     : CostFunction: Nonlinear J = 12656.8
Test     : DRPLanczosMinimizer: reduction in residual norm = 0.0253982
Test     : CostFunction::addIncrement: Analysis: 
Test     :   Valid time: 2010-01-01T00:00:00Z
Test     :   Resolution = 40, 20, 2
Test     :   Variable = streamfunction
Test     :   Boundary conditions are activated
Test     :   Scaling=  1e+08, Min=     -5.2348, Max=      1.0612, RMS=      1.9111
Test     :   Scaling=  1e+08, Min=     -4.0032, Max=     -0.0000, RMS=      2.0632
Test     :   Scaling=  0.001, Min=     -0.6729, Max=      0.5790, RMS=      0.4464
Test     : CostJb   : Nonlinear Jb = 23.24
Test     : CostJo   : Nonlinear Jo(Stream) = 1042, nobs = 800, Jo/n = 1.302, err = 4e+06
Test     : CostJo   : Nonlinear Jo(Wind) = 498.3, nobs = 800, Jo/n = 0.6228, err = 6
Test     : CostJo   : Nonlinear Jo(WSpeed) = 58.86, nobs = 400, Jo/n = 0.1472, err = 12
Test     : CostJcDFI: Nonlinear Jc = 60.72
Test     : CostFunction: Nonlinear J = 1683
Test     : DRPLanczosMinimizer: reduction in residual norm = 0.2335
Test     : CostFunction::addIncrement: Analysis: 
Test     :   Valid time: 2010-01-01T00:00:00Z
Test     :   Resolution = 40, 20, 2
Test     :   Variable = streamfunction
Test     :   Boundary conditions are activated
Test     :   Scaling=  1e+08, Min=     -5.3649, Max=      1.1132, RMS=      1.9344
Test     :   Scaling=  1e+08, Min=     -4.0032, Max=     -0.0000, RMS=      2.0632
Test     :   Scaling=  0.001, Min=     -0.6729, Max=      0.5790, RMS=      0.4464
Test     : CostJb   : Nonlinear Jb = 41
Test     : CostJo   : Nonlinear Jo(Stream) = 583.5, nobs = 800, Jo/n = 0.7293, err = 4e+06
Test     : CostJo   : Nonlinear Jo(Wind) = 312.1, nobs = 800, Jo/n = 0.3901, err = 6
Test     : CostJo   : Nonlinear Jo(WSpeed) = 40.29, nobs = 400, Jo/n = 0.1007, err = 12
Test     : CostJcDFI: Nonlinear Jc = 77.47
Test     : CostFunction: Nonlinear J = 1054
