Test     : Increment4D: 
Test     :   Valid time: 2010-01-01T00:00:00Z
Test     :   Resolution = 40, 20, 2
Test     :   Variable = streamfunction
Test     :   Boundary conditions are not activated
Test     :   Scaling=  1e+13, Min=     -9.1074, Max=     21.6782, RMS=      5.0799
Test     :   Valid time: 2010-01-01T01:00:00Z
Test     :   Resolution = 40, 20, 2
Test     :   Variable = streamfunction
Test     :   Boundary conditions are not activated
Test     :   Scaling=  1e+13, Min=     -8.8123, Max=     22.1475, RMS=      5.2053
Test     :   Valid time: 2010-01-01T02:00:00Z
Test     :   Resolution = 40, 20, 2
Test     :   Variable = streamfunction
Test     :   Boundary conditions are not activated
Test     :   Scaling=  1e+13, Min=     -8.9130, Max=     22.5206, RMS=      5.3404
Test     :   Valid time: 2010-01-01T03:00:00Z
Test     :   Resolution = 40, 20, 2
Test     :   Variable = streamfunction
Test     :   Boundary conditions are not activated
Test     :   Scaling=  1e+13, Min=     -9.2696, Max=     23.3993, RMS=      5.4800
Test     :   Valid time: 2010-01-01T04:00:00Z
Test     :   Resolution = 40, 20, 2
Test     :   Variable = streamfunction
Test     :   Boundary conditions are not activated
Test     :   Scaling=  1e+13, Min=     -9.6822, Max=     24.1730, RMS=      5.6224
Test     :   Valid time: 2010-01-01T05:00:00Z
Test     :   Resolution = 40, 20, 2
Test     :   Variable = streamfunction
Test     :   Boundary conditions are not activated
Test     :   Scaling=  1e+13, Min=    -10.0323, Max=     24.9067, RMS=      5.7646
Test     :   Valid time: 2010-01-01T06:00:00Z
Test     :   Resolution = 40, 20, 2
Test     :   Variable = streamfunction
Test     :   Boundary conditions are not activated
Test     :   Scaling=  1e+13, Min=    -10.2956, Max=     26.0103, RMS=      5.9028
Test     :   Valid time: 2010-01-01T07:00:00Z
Test     :   Resolution = 40, 20, 2
Test     :   Variable = streamfunction
Test     :   Boundary conditions are not activated
Test     :   Scaling=  1e+13, Min=    -10.4611, Max=     27.1176, RMS=      6.0306
Test     :   Valid time: 2010-01-01T08:00:00Z
Test     :   Resolution = 40, 20, 2
Test     :   Variable = streamfunction
Test     :   Boundary conditions are not activated
Test     :   Scaling=  1e+13, Min=    -10.5249, Max=     28.2009, RMS=      6.1416
Test     :   Valid time: 2010-01-01T09:00:00Z
Test     :   Resolution = 40, 20, 2
Test     :   Variable = streamfunction
Test     :   Boundary conditions are not activated
Test     :   Scaling=  1e+13, Min=    -10.4972, Max=     29.2326, RMS=      6.2292
Test     :   Valid time: 2010-01-01T10:00:00Z
Test     :   Resolution = 40, 20, 2
Test     :   Variable = streamfunction
Test     :   Boundary conditions are not activated
Test     :   Scaling=  1e+13, Min=    -10.3932, Max=     30.2037, RMS=      6.2934
Test     :   Valid time: 2010-01-01T11:00:00Z
Test     :   Resolution = 40, 20, 2
Test     :   Variable = streamfunction
Test     :   Boundary conditions are not activated
Test     :   Scaling=  1e+13, Min=    -10.2350, Max=     31.2203, RMS=      6.3369
Test     :   Valid time: 2010-01-01T12:00:00Z
Test     :   Resolution = 40, 20, 2
Test     :   Variable = streamfunction
Test     :   Boundary conditions are not activated
Test     :   Scaling=  1e+13, Min=    -10.1184, Max=     32.2735, RMS=      6.3611
Test     : Increment4D: 
Test     :   Valid time: 2010-01-01T00:00:00Z
Test     :   Resolution = 40, 20, 2
Test     :   Variable = streamfunction
Test     :   Boundary conditions are not activated
Test     :   Scaling=      1, Min=      0.0007, Max=      1.0000, RMS=      0.4861
Test     :   Valid time: 2010-01-01T01:00:00Z
Test     :   Resolution = 40, 20, 2
Test     :   Variable = streamfunction
Test     :   Boundary conditions are not activated
Test     :   Scaling=      1, Min=      0.0007, Max=      1.0000, RMS=      0.4861
Test     :   Valid time: 2010-01-01T02:00:00Z
Test     :   Resolution = 40, 20, 2
Test     :   Variable = streamfunction
Test     :   Boundary conditions are not activated
Test     :   Scaling=      1, Min=      0.0007, Max=      1.0000, RMS=      0.4861
Test     :   Valid time: 2010-01-01T03:00:00Z
Test     :   Resolution = 40, 20, 2
Test     :   Variable = streamfunction
Test     :   Boundary conditions are not activated
Test     :   Scaling=      1, Min=      0.0007, Max=      1.0000, RMS=      0.4861
Test     :   Valid time: 2010-01-01T04:00:00Z
Test     :   Resolution = 40, 20, 2
Test     :   Variable = streamfunction
Test     :   Boundary conditions are not activated
Test     :   Scaling=      1, Min=      0.0007, Max=      1.0000, RMS=      0.4861
Test     :   Valid time: 2010-01-01T05:00:00Z
Test     :   Resolution = 40, 20, 2
Test     :   Variable = streamfunction
Test     :   Boundary conditions are not activated
Test     :   Scaling=      1, Min=      0.0007, Max=      1.0000, RMS=      0.4861
Test     :   Valid time: 2010-01-01T06:00:00Z
Test     :   Resolution = 40, 20, 2
Test     :   Variable = streamfunction
Test     :   Boundary conditions are not activated
Test     :   Scaling=      1, Min=      0.0007, Max=      1.0000, RMS=      0.4861
Test     :   Valid time: 2010-01-01T07:00:00Z
Test     :   Resolution = 40, 20, 2
Test     :   Variable = streamfunction
Test     :   Boundary conditions are not activated
Test     :   Scaling=      1, Min=      0.0007, Max=      1.0000, RMS=      0.4861
Test     :   Valid time: 2010-01-01T08:00:00Z
Test     :   Resolution = 40, 20, 2
Test     :   Variable = streamfunction
Test     :   Boundary conditions are not activated
Test     :   Scaling=      1, Min=      0.0007, Max=      1.0000, RMS=      0.4861
Test     :   Valid time: 2010-01-01T09:00:00Z
Test     :   Resolution = 40, 20, 2
Test     :   Variable = streamfunction
Test     :   Boundary conditions are not activated
Test     :   Scaling=      1, Min=      0.0007, Max=      1.0000, RMS=      0.4861
Test     :   Valid time: 2010-01-01T10:00:00Z
Test     :   Resolution = 40, 20, 2
Test     :   Variable = streamfunction
Test     :   Boundary conditions are not activated
Test     :   Scaling=      1, Min=      0.0007, Max=      1.0000, RMS=      0.4861
Test     :   Valid time: 2010-01-01T11:00:00Z
Test     :   Resolution = 40, 20, 2
Test     :   Variable = streamfunction
Test     :   Boundary conditions are not activated
Test     :   Scaling=      1, Min=      0.0007, Max=      1.0000, RMS=      0.4861
Test     :   Valid time: 2010-01-01T12:00:00Z
Test     :   Resolution = 40, 20, 2
Test     :   Variable = streamfunction
Test     :   Boundary conditions are not activated
Test     :   Scaling=      1, Min=      0.0007, Max=      1.0000, RMS=      0.4861
