Test     : CostJb   : Nonlinear Jb = 0
Test     : CostJo   : Nonlinear Jo(Stream) = 7820.89, nobs = 600, Jo/n = 13.0348, err = 4e+06
Test     : CostJo   : Nonlinear Jo(Wind) = 1065.61, nobs = 600, Jo/n = 1.77601, err = 6
Test     : CostJo   : Nonlinear Jo(WSpeed) = 144.328, nobs = 300, Jo/n = 0.481094, err = 12
Test     : CostFunction: Nonlinear J = 9030.82
Test     : DRIPCGMinimizer: reduction in residual norm = 0.364985
Test     : CostFunction::addIncrement: Analysis: 
Test     :   Valid time: 2010-01-01T12:00:00Z
Test     :   Resolution = 40, 20, 2
Test     :   Variable = streamfunction
Test     :   Boundary conditions are activated
Test     :   Scaling=  1e+08, Min=     -4.5198, Max=      1.1323, RMS=      1.7751
Test     :   Scaling=  1e+08, Min=     -4.0032, Max=     -0.0000, RMS=      2.0632
Test     :   Scaling=  0.001, Min=     -0.6729, Max=      0.5790, RMS=      0.4464
Test     : CostJb   : Nonlinear Jb = 52.44
Test     : CostJo   : Nonlinear Jo(Stream) = 1388, nobs = 600, Jo/n = 2.313, err = 4e+06
Test     : CostJo   : Nonlinear Jo(Wind) = 621.5, nobs = 600, Jo/n = 1.036, err = 6
Test     : CostJo   : Nonlinear Jo(WSpeed) = 74.16, nobs = 300, Jo/n = 0.2472, err = 12
Test     : CostFunction: Nonlinear J = 2136
Test     : DRIPCGMinimizer: reduction in residual norm = 0.69
Test     : CostFunction::addIncrement: Analysis: 
Test     :   Valid time: 2010-01-01T12:00:00Z
Test     :   Resolution = 40, 20, 2
Test     :   Variable = streamfunction
Test     :   Boundary conditions are activated
Test     :   Scaling=  1e+08, Min=     -4.5171, Max=      1.0024, RMS=      1.7701
Test     :   Scaling=  1e+08, Min=     -4.0032, Max=     -0.0000, RMS=      2.0632
Test     :   Scaling=  0.001, Min=     -0.6729, Max=      0.5790, RMS=      0.4464
Test     : CostJb   : Nonlinear Jb = 72.13
Test     : CostJo   : Nonlinear Jo(Stream) = 1043, nobs = 600, Jo/n = 1.738, err = 4e+06
Test     : CostJo   : Nonlinear Jo(Wind) = 557.9, nobs = 600, Jo/n = 0.9299, err = 6
Test     : CostJo   : Nonlinear Jo(WSpeed) = 70.46, nobs = 300, Jo/n = 0.2349, err = 12
Test     : CostFunction: Nonlinear J = 1743
