       Compute independent levels:  1[10] 
          Level   1:   1401815810
          Level   2:   1401815810
          Level   3:   1401815810
          Level   4:   1401815810
          Level   5:   1401815810
          Level   6:   1401815810
          Level   7:   1401815810
          Level   8:   1401815810
          Level   9:   1401815810
          Level  10:   1401815810
          Model grid size:              800
          Subset Sc0 size:              800
          Number of duplicated points (halo):         0 (  0.00%)
          Min. / max. longitudes: -171.0 /   180.0
          Min. / max. latitudes:   -83.3 /    83.3
          Domain area (% of Earth area): 0.100E+03%
             Level   1 ~> 100.0%
             Level   2 ~> 100.0%
             Level   3 ~> 100.0%
             Level   4 ~> 100.0%
             Level   5 ~> 100.0%
             Level   6 ~> 100.0%
             Level   7 ~> 100.0%
             Level   8 ~> 100.0%
             Level   9 ~> 100.0%
             Level  10 ~> 100.0%
             Level   1 ~>  0.100E+01 vert. unit
             Level   2 ~>  0.200E+01 vert. unit
             Level   3 ~>  0.300E+01 vert. unit
             Level   4 ~>  0.400E+01 vert. unit
             Level   5 ~>  0.500E+01 vert. unit
             Level   6 ~>  0.600E+01 vert. unit
             Level   7 ~>  0.700E+01 vert. unit
             Level   8 ~>  0.800E+01 vert. unit
             Level   9 ~>  0.900E+01 vert. unit
             Level  10 ~>  0.100E+02 vert. unit
             Effective levels:   1   3   5   7   9  10 
                   Horizontal support radius:    7000.00 km (   7000.00 km -    7000.00 km)
                   Estimated nc1 from horizontal support radius:      769
                   Final nc1:      769
             Effective horizontal resolution:  8.00
                   Decimate full grid, at least      769 points required
                   Attempt with a O00035 grid:      800 valid points found
                   Horizontal support radius:    7000.00 km (   7000.00 km -    7000.00 km)
                   Estimated nc1 from horizontal support radius:      769
                   Final nc1:      769
             Effective horizontal resolution:  8.00
                   Decimate full grid, at least      769 points required
                   Attempt with a O00035 grid:      800 valid points found
                   Horizontal support radius:    7000.00 km (   7000.00 km -    7000.00 km)
                   Estimated nc1 from horizontal support radius:      769
                   Final nc1:      769
             Effective horizontal resolution:  8.00
                   Decimate full grid, at least      769 points required
                   Attempt with a O00035 grid:      800 valid points found
                   Horizontal support radius:    7000.00 km (   7000.00 km -    7000.00 km)
                   Estimated nc1 from horizontal support radius:      769
                   Final nc1:      769
             Effective horizontal resolution:  8.00
                   Decimate full grid, at least      769 points required
                   Attempt with a O00035 grid:      800 valid points found
                   Horizontal support radius:    7000.00 km (   7000.00 km -    7000.00 km)
                   Estimated nc1 from horizontal support radius:      769
                   Final nc1:      769
             Effective horizontal resolution:  8.00
                   Decimate full grid, at least      769 points required
                   Attempt with a O00035 grid:      800 valid points found
                   Horizontal support radius:    7000.00 km (   7000.00 km -    7000.00 km)
                   Estimated nc1 from horizontal support radius:      769
                   Final nc1:      769
             Effective horizontal resolution:  8.00
                   Decimate full grid, at least      769 points required
                   Attempt with a O00035 grid:      800 valid points found
             nc1(  1) =        769
             nc1(  2) =        769
             nc1(  3) =        769
             nc1(  4) =        769
             nc1(  5) =        769
             nc1(  6) =        769
             ns =             4614
Member 0: 
Valid time:2010-01-01T12:00:00Z
Quench geometry grid:
- name: F10
- size: 800
Function space:
- type: StructuredColumns
- size: 676
- nb_partitions: 2
- halo: 3
Vertical levels: 
- number: 10
- vunit: [1.0000000000000000e+00,2.0000000000000000e+00,3.0000000000000000e+00,4.0000000000000000e+00,5.0000000000000000e+00,6.0000000000000000e+00,7.0000000000000000e+00,8.0000000000000000e+00,9.0000000000000000e+00,1.0000000000000000e+01]
Fields:
  var: 9.2937519816357792e+01
Member 1: 
Valid time:2010-01-01T12:00:00Z
Quench geometry grid:
- name: F10
- size: 800
Function space:
- type: StructuredColumns
- size: 676
- nb_partitions: 2
- halo: 3
Vertical levels: 
- number: 10
- vunit: [1.0000000000000000e+00,2.0000000000000000e+00,3.0000000000000000e+00,4.0000000000000000e+00,5.0000000000000000e+00,6.0000000000000000e+00,7.0000000000000000e+00,8.0000000000000000e+00,9.0000000000000000e+00,1.0000000000000000e+01]
Fields:
  var: 8.2408089865580962e+01
Member 2: 
Valid time:2010-01-01T12:00:00Z
Quench geometry grid:
- name: F10
- size: 800
Function space:
- type: StructuredColumns
- size: 676
- nb_partitions: 2
- halo: 3
Vertical levels: 
- number: 10
- vunit: [1.0000000000000000e+00,2.0000000000000000e+00,3.0000000000000000e+00,4.0000000000000000e+00,5.0000000000000000e+00,6.0000000000000000e+00,7.0000000000000000e+00,8.0000000000000000e+00,9.0000000000000000e+00,1.0000000000000000e+01]
Fields:
  var: 8.6050563932975365e+01
Member 3: 
Valid time:2010-01-01T12:00:00Z
Quench geometry grid:
- name: F10
- size: 800
Function space:
- type: StructuredColumns
- size: 676
- nb_partitions: 2
- halo: 3
Vertical levels: 
- number: 10
- vunit: [1.0000000000000000e+00,2.0000000000000000e+00,3.0000000000000000e+00,4.0000000000000000e+00,5.0000000000000000e+00,6.0000000000000000e+00,7.0000000000000000e+00,8.0000000000000000e+00,9.0000000000000000e+00,1.0000000000000000e+01]
Fields:
  var: 7.8786397713836408e+01
Member 4: 
Valid time:2010-01-01T12:00:00Z
Quench geometry grid:
- name: F10
- size: 800
Function space:
- type: StructuredColumns
- size: 676
- nb_partitions: 2
- halo: 3
Vertical levels: 
- number: 10
- vunit: [1.0000000000000000e+00,2.0000000000000000e+00,3.0000000000000000e+00,4.0000000000000000e+00,5.0000000000000000e+00,6.0000000000000000e+00,7.0000000000000000e+00,8.0000000000000000e+00,9.0000000000000000e+00,1.0000000000000000e+01]
Fields:
  var: 8.6256606390116445e+01
Member 5: 
Valid time:2010-01-01T12:00:00Z
Quench geometry grid:
- name: F10
- size: 800
Function space:
- type: StructuredColumns
- size: 676
- nb_partitions: 2
- halo: 3
Vertical levels: 
- number: 10
- vunit: [1.0000000000000000e+00,2.0000000000000000e+00,3.0000000000000000e+00,4.0000000000000000e+00,5.0000000000000000e+00,6.0000000000000000e+00,7.0000000000000000e+00,8.0000000000000000e+00,9.0000000000000000e+00,1.0000000000000000e+01]
Fields:
  var: 1.0188857382711210e+02
Member 6: 
Valid time:2010-01-01T12:00:00Z
Quench geometry grid:
- name: F10
- size: 800
Function space:
- type: StructuredColumns
- size: 676
- nb_partitions: 2
- halo: 3
Vertical levels: 
- number: 10
- vunit: [1.0000000000000000e+00,2.0000000000000000e+00,3.0000000000000000e+00,4.0000000000000000e+00,5.0000000000000000e+00,6.0000000000000000e+00,7.0000000000000000e+00,8.0000000000000000e+00,9.0000000000000000e+00,1.0000000000000000e+01]
Fields:
  var: 9.5092554152050539e+01
Member 7: 
Valid time:2010-01-01T12:00:00Z
Quench geometry grid:
- name: F10
- size: 800
Function space:
- type: StructuredColumns
- size: 676
- nb_partitions: 2
- halo: 3
Vertical levels: 
- number: 10
- vunit: [1.0000000000000000e+00,2.0000000000000000e+00,3.0000000000000000e+00,4.0000000000000000e+00,5.0000000000000000e+00,6.0000000000000000e+00,7.0000000000000000e+00,8.0000000000000000e+00,9.0000000000000000e+00,1.0000000000000000e+01]
Fields:
  var: 8.2758880551942070e+01
Member 8: 
Valid time:2010-01-01T12:00:00Z
Quench geometry grid:
- name: F10
- size: 800
Function space:
- type: StructuredColumns
- size: 676
- nb_partitions: 2
- halo: 3
Vertical levels: 
- number: 10
- vunit: [1.0000000000000000e+00,2.0000000000000000e+00,3.0000000000000000e+00,4.0000000000000000e+00,5.0000000000000000e+00,6.0000000000000000e+00,7.0000000000000000e+00,8.0000000000000000e+00,9.0000000000000000e+00,1.0000000000000000e+01]
Fields:
  var: 8.8475143594278450e+01
Member 9: 
Valid time:2010-01-01T12:00:00Z
Quench geometry grid:
- name: F10
- size: 800
Function space:
- type: StructuredColumns
- size: 676
- nb_partitions: 2
- halo: 3
Vertical levels: 
- number: 10
- vunit: [1.0000000000000000e+00,2.0000000000000000e+00,3.0000000000000000e+00,4.0000000000000000e+00,5.0000000000000000e+00,6.0000000000000000e+00,7.0000000000000000e+00,8.0000000000000000e+00,9.0000000000000000e+00,1.0000000000000000e+01]
Fields:
  var: 8.0366373402903079e+01
Member 10: 
Valid time:2010-01-01T12:00:00Z
Quench geometry grid:
- name: F10
- size: 800
Function space:
- type: StructuredColumns
- size: 676
- nb_partitions: 2
- halo: 3
Vertical levels: 
- number: 10
- vunit: [1.0000000000000000e+00,2.0000000000000000e+00,3.0000000000000000e+00,4.0000000000000000e+00,5.0000000000000000e+00,6.0000000000000000e+00,7.0000000000000000e+00,8.0000000000000000e+00,9.0000000000000000e+00,1.0000000000000000e+01]
Fields:
  var: 8.6097831206969659e+01
Member 11: 
Valid time:2010-01-01T12:00:00Z
Quench geometry grid:
- name: F10
- size: 800
Function space:
- type: StructuredColumns
- size: 676
- nb_partitions: 2
- halo: 3
Vertical levels: 
- number: 10
- vunit: [1.0000000000000000e+00,2.0000000000000000e+00,3.0000000000000000e+00,4.0000000000000000e+00,5.0000000000000000e+00,6.0000000000000000e+00,7.0000000000000000e+00,8.0000000000000000e+00,9.0000000000000000e+00,1.0000000000000000e+01]
Fields:
  var: 8.6976390609799992e+01
Member 12: 
Valid time:2010-01-01T12:00:00Z
Quench geometry grid:
- name: F10
- size: 800
Function space:
- type: StructuredColumns
- size: 676
- nb_partitions: 2
- halo: 3
Vertical levels: 
- number: 10
- vunit: [1.0000000000000000e+00,2.0000000000000000e+00,3.0000000000000000e+00,4.0000000000000000e+00,5.0000000000000000e+00,6.0000000000000000e+00,7.0000000000000000e+00,8.0000000000000000e+00,9.0000000000000000e+00,1.0000000000000000e+01]
Fields:
  var: 8.2878685986019406e+01
Member 13: 
Valid time:2010-01-01T12:00:00Z
Quench geometry grid:
- name: F10
- size: 800
Function space:
- type: StructuredColumns
- size: 676
- nb_partitions: 2
- halo: 3
Vertical levels: 
- number: 10
- vunit: [1.0000000000000000e+00,2.0000000000000000e+00,3.0000000000000000e+00,4.0000000000000000e+00,5.0000000000000000e+00,6.0000000000000000e+00,7.0000000000000000e+00,8.0000000000000000e+00,9.0000000000000000e+00,1.0000000000000000e+01]
Fields:
  var: 9.3960200802853521e+01
Member 14: 
Valid time:2010-01-01T12:00:00Z
Quench geometry grid:
- name: F10
- size: 800
Function space:
- type: StructuredColumns
- size: 676
- nb_partitions: 2
- halo: 3
Vertical levels: 
- number: 10
- vunit: [1.0000000000000000e+00,2.0000000000000000e+00,3.0000000000000000e+00,4.0000000000000000e+00,5.0000000000000000e+00,6.0000000000000000e+00,7.0000000000000000e+00,8.0000000000000000e+00,9.0000000000000000e+00,1.0000000000000000e+01]
Fields:
  var: 9.9225817973409448e+01
Member 15: 
Valid time:2010-01-01T12:00:00Z
Quench geometry grid:
- name: F10
- size: 800
Function space:
- type: StructuredColumns
- size: 676
- nb_partitions: 2
- halo: 3
Vertical levels: 
- number: 10
- vunit: [1.0000000000000000e+00,2.0000000000000000e+00,3.0000000000000000e+00,4.0000000000000000e+00,5.0000000000000000e+00,6.0000000000000000e+00,7.0000000000000000e+00,8.0000000000000000e+00,9.0000000000000000e+00,1.0000000000000000e+01]
Fields:
  var: 1.1007566436431671e+02
Member 16: 
Valid time:2010-01-01T12:00:00Z
Quench geometry grid:
- name: F10
- size: 800
Function space:
- type: StructuredColumns
- size: 676
- nb_partitions: 2
- halo: 3
Vertical levels: 
- number: 10
- vunit: [1.0000000000000000e+00,2.0000000000000000e+00,3.0000000000000000e+00,4.0000000000000000e+00,5.0000000000000000e+00,6.0000000000000000e+00,7.0000000000000000e+00,8.0000000000000000e+00,9.0000000000000000e+00,1.0000000000000000e+01]
Fields:
  var: 9.2849102528236699e+01
Member 17: 
Valid time:2010-01-01T12:00:00Z
Quench geometry grid:
- name: F10
- size: 800
Function space:
- type: StructuredColumns
- size: 676
- nb_partitions: 2
- halo: 3
Vertical levels: 
- number: 10
- vunit: [1.0000000000000000e+00,2.0000000000000000e+00,3.0000000000000000e+00,4.0000000000000000e+00,5.0000000000000000e+00,6.0000000000000000e+00,7.0000000000000000e+00,8.0000000000000000e+00,9.0000000000000000e+00,1.0000000000000000e+01]
Fields:
  var: 1.0197439730189116e+02
Member 18: 
Valid time:2010-01-01T12:00:00Z
Quench geometry grid:
- name: F10
- size: 800
Function space:
- type: StructuredColumns
- size: 676
- nb_partitions: 2
- halo: 3
Vertical levels: 
- number: 10
- vunit: [1.0000000000000000e+00,2.0000000000000000e+00,3.0000000000000000e+00,4.0000000000000000e+00,5.0000000000000000e+00,6.0000000000000000e+00,7.0000000000000000e+00,8.0000000000000000e+00,9.0000000000000000e+00,1.0000000000000000e+01]
Fields:
  var: 9.1645674763659343e+01
Member 19: 
Valid time:2010-01-01T12:00:00Z
Quench geometry grid:
- name: F10
- size: 800
Function space:
- type: StructuredColumns
- size: 676
- nb_partitions: 2
- halo: 3
Vertical levels: 
- number: 10
- vunit: [1.0000000000000000e+00,2.0000000000000000e+00,3.0000000000000000e+00,4.0000000000000000e+00,5.0000000000000000e+00,6.0000000000000000e+00,7.0000000000000000e+00,8.0000000000000000e+00,9.0000000000000000e+00,1.0000000000000000e+01]
Fields:
  var: 8.5267955601962242e+01
Member 20: 
Valid time:2010-01-01T12:00:00Z
Quench geometry grid:
- name: F10
- size: 800
Function space:
- type: StructuredColumns
- size: 676
- nb_partitions: 2
- halo: 3
Vertical levels: 
- number: 10
- vunit: [1.0000000000000000e+00,2.0000000000000000e+00,3.0000000000000000e+00,4.0000000000000000e+00,5.0000000000000000e+00,6.0000000000000000e+00,7.0000000000000000e+00,8.0000000000000000e+00,9.0000000000000000e+00,1.0000000000000000e+01]
Fields:
  var: 8.0703620559700411e+01
Member 21: 
Valid time:2010-01-01T12:00:00Z
Quench geometry grid:
- name: F10
- size: 800
Function space:
- type: StructuredColumns
- size: 676
- nb_partitions: 2
- halo: 3
Vertical levels: 
- number: 10
- vunit: [1.0000000000000000e+00,2.0000000000000000e+00,3.0000000000000000e+00,4.0000000000000000e+00,5.0000000000000000e+00,6.0000000000000000e+00,7.0000000000000000e+00,8.0000000000000000e+00,9.0000000000000000e+00,1.0000000000000000e+01]
Fields:
  var: 9.8410522275815566e+01
Member 22: 
Valid time:2010-01-01T12:00:00Z
Quench geometry grid:
- name: F10
- size: 800
Function space:
- type: StructuredColumns
- size: 676
- nb_partitions: 2
- halo: 3
Vertical levels: 
- number: 10
- vunit: [1.0000000000000000e+00,2.0000000000000000e+00,3.0000000000000000e+00,4.0000000000000000e+00,5.0000000000000000e+00,6.0000000000000000e+00,7.0000000000000000e+00,8.0000000000000000e+00,9.0000000000000000e+00,1.0000000000000000e+01]
Fields:
  var: 8.9677550249202014e+01
Member 23: 
Valid time:2010-01-01T12:00:00Z
Quench geometry grid:
- name: F10
- size: 800
Function space:
- type: StructuredColumns
- size: 676
- nb_partitions: 2
- halo: 3
Vertical levels: 
- number: 10
- vunit: [1.0000000000000000e+00,2.0000000000000000e+00,3.0000000000000000e+00,4.0000000000000000e+00,5.0000000000000000e+00,6.0000000000000000e+00,7.0000000000000000e+00,8.0000000000000000e+00,9.0000000000000000e+00,1.0000000000000000e+01]
Fields:
  var: 8.5166581568916627e+01
Member 24: 
Valid time:2010-01-01T12:00:00Z
Quench geometry grid:
- name: F10
- size: 800
Function space:
- type: StructuredColumns
- size: 676
- nb_partitions: 2
- halo: 3
Vertical levels: 
- number: 10
- vunit: [1.0000000000000000e+00,2.0000000000000000e+00,3.0000000000000000e+00,4.0000000000000000e+00,5.0000000000000000e+00,6.0000000000000000e+00,7.0000000000000000e+00,8.0000000000000000e+00,9.0000000000000000e+00,1.0000000000000000e+01]
Fields:
  var: 8.8519157371463365e+01
Member 25: 
Valid time:2010-01-01T12:00:00Z
Quench geometry grid:
- name: F10
- size: 800
Function space:
- type: StructuredColumns
- size: 676
- nb_partitions: 2
- halo: 3
Vertical levels: 
- number: 10
- vunit: [1.0000000000000000e+00,2.0000000000000000e+00,3.0000000000000000e+00,4.0000000000000000e+00,5.0000000000000000e+00,6.0000000000000000e+00,7.0000000000000000e+00,8.0000000000000000e+00,9.0000000000000000e+00,1.0000000000000000e+01]
Fields:
  var: 8.4334662472746643e+01
Member 26: 
Valid time:2010-01-01T12:00:00Z
Quench geometry grid:
- name: F10
- size: 800
Function space:
- type: StructuredColumns
- size: 676
- nb_partitions: 2
- halo: 3
Vertical levels: 
- number: 10
- vunit: [1.0000000000000000e+00,2.0000000000000000e+00,3.0000000000000000e+00,4.0000000000000000e+00,5.0000000000000000e+00,6.0000000000000000e+00,7.0000000000000000e+00,8.0000000000000000e+00,9.0000000000000000e+00,1.0000000000000000e+01]
Fields:
  var: 1.1052375754010730e+02
Member 27: 
Valid time:2010-01-01T12:00:00Z
Quench geometry grid:
- name: F10
- size: 800
Function space:
- type: StructuredColumns
- size: 676
- nb_partitions: 2
- halo: 3
Vertical levels: 
- number: 10
- vunit: [1.0000000000000000e+00,2.0000000000000000e+00,3.0000000000000000e+00,4.0000000000000000e+00,5.0000000000000000e+00,6.0000000000000000e+00,7.0000000000000000e+00,8.0000000000000000e+00,9.0000000000000000e+00,1.0000000000000000e+01]
Fields:
  var: 7.7903800960104974e+01
Member 28: 
Valid time:2010-01-01T12:00:00Z
Quench geometry grid:
- name: F10
- size: 800
Function space:
- type: StructuredColumns
- size: 676
- nb_partitions: 2
- halo: 3
Vertical levels: 
- number: 10
- vunit: [1.0000000000000000e+00,2.0000000000000000e+00,3.0000000000000000e+00,4.0000000000000000e+00,5.0000000000000000e+00,6.0000000000000000e+00,7.0000000000000000e+00,8.0000000000000000e+00,9.0000000000000000e+00,1.0000000000000000e+01]
Fields:
  var: 9.4029447980413480e+01
Member 29: 
Valid time:2010-01-01T12:00:00Z
Quench geometry grid:
- name: F10
- size: 800
Function space:
- type: StructuredColumns
- size: 676
- nb_partitions: 2
- halo: 3
Vertical levels: 
- number: 10
- vunit: [1.0000000000000000e+00,2.0000000000000000e+00,3.0000000000000000e+00,4.0000000000000000e+00,5.0000000000000000e+00,6.0000000000000000e+00,7.0000000000000000e+00,8.0000000000000000e+00,9.0000000000000000e+00,1.0000000000000000e+01]
Fields:
  var: 9.3410328825697064e+01
Member 30: 
Valid time:2010-01-01T12:00:00Z
Quench geometry grid:
- name: F10
- size: 800
Function space:
- type: StructuredColumns
- size: 676
- nb_partitions: 2
- halo: 3
Vertical levels: 
- number: 10
- vunit: [1.0000000000000000e+00,2.0000000000000000e+00,3.0000000000000000e+00,4.0000000000000000e+00,5.0000000000000000e+00,6.0000000000000000e+00,7.0000000000000000e+00,8.0000000000000000e+00,9.0000000000000000e+00,1.0000000000000000e+01]
Fields:
  var: 9.3575874057364132e+01
Member 31: 
Valid time:2010-01-01T12:00:00Z
Quench geometry grid:
- name: F10
- size: 800
Function space:
- type: StructuredColumns
- size: 676
- nb_partitions: 2
- halo: 3
Vertical levels: 
- number: 10
- vunit: [1.0000000000000000e+00,2.0000000000000000e+00,3.0000000000000000e+00,4.0000000000000000e+00,5.0000000000000000e+00,6.0000000000000000e+00,7.0000000000000000e+00,8.0000000000000000e+00,9.0000000000000000e+00,1.0000000000000000e+01]
Fields:
  var: 8.8831975309009366e+01
Member 32: 
Valid time:2010-01-01T12:00:00Z
Quench geometry grid:
- name: F10
- size: 800
Function space:
- type: StructuredColumns
- size: 676
- nb_partitions: 2
- halo: 3
Vertical levels: 
- number: 10
- vunit: [1.0000000000000000e+00,2.0000000000000000e+00,3.0000000000000000e+00,4.0000000000000000e+00,5.0000000000000000e+00,6.0000000000000000e+00,7.0000000000000000e+00,8.0000000000000000e+00,9.0000000000000000e+00,1.0000000000000000e+01]
Fields:
  var: 9.4073221497304189e+01
Member 33: 
Valid time:2010-01-01T12:00:00Z
Quench geometry grid:
- name: F10
- size: 800
Function space:
- type: StructuredColumns
- size: 676
- nb_partitions: 2
- halo: 3
Vertical levels: 
- number: 10
- vunit: [1.0000000000000000e+00,2.0000000000000000e+00,3.0000000000000000e+00,4.0000000000000000e+00,5.0000000000000000e+00,6.0000000000000000e+00,7.0000000000000000e+00,8.0000000000000000e+00,9.0000000000000000e+00,1.0000000000000000e+01]
Fields:
  var: 9.2547549319486748e+01
Member 34: 
Valid time:2010-01-01T12:00:00Z
Quench geometry grid:
- name: F10
- size: 800
Function space:
- type: StructuredColumns
- size: 676
- nb_partitions: 2
- halo: 3
Vertical levels: 
- number: 10
- vunit: [1.0000000000000000e+00,2.0000000000000000e+00,3.0000000000000000e+00,4.0000000000000000e+00,5.0000000000000000e+00,6.0000000000000000e+00,7.0000000000000000e+00,8.0000000000000000e+00,9.0000000000000000e+00,1.0000000000000000e+01]
Fields:
  var: 7.2655225291044559e+01
Member 35: 
Valid time:2010-01-01T12:00:00Z
Quench geometry grid:
- name: F10
- size: 800
Function space:
- type: StructuredColumns
- size: 676
- nb_partitions: 2
- halo: 3
Vertical levels: 
- number: 10
- vunit: [1.0000000000000000e+00,2.0000000000000000e+00,3.0000000000000000e+00,4.0000000000000000e+00,5.0000000000000000e+00,6.0000000000000000e+00,7.0000000000000000e+00,8.0000000000000000e+00,9.0000000000000000e+00,1.0000000000000000e+01]
Fields:
  var: 7.9180820928393246e+01
Member 36: 
Valid time:2010-01-01T12:00:00Z
Quench geometry grid:
- name: F10
- size: 800
Function space:
- type: StructuredColumns
- size: 676
- nb_partitions: 2
- halo: 3
Vertical levels: 
- number: 10
- vunit: [1.0000000000000000e+00,2.0000000000000000e+00,3.0000000000000000e+00,4.0000000000000000e+00,5.0000000000000000e+00,6.0000000000000000e+00,7.0000000000000000e+00,8.0000000000000000e+00,9.0000000000000000e+00,1.0000000000000000e+01]
Fields:
  var: 9.8609788479121164e+01
Member 37: 
Valid time:2010-01-01T12:00:00Z
Quench geometry grid:
- name: F10
- size: 800
Function space:
- type: StructuredColumns
- size: 676
- nb_partitions: 2
- halo: 3
Vertical levels: 
- number: 10
- vunit: [1.0000000000000000e+00,2.0000000000000000e+00,3.0000000000000000e+00,4.0000000000000000e+00,5.0000000000000000e+00,6.0000000000000000e+00,7.0000000000000000e+00,8.0000000000000000e+00,9.0000000000000000e+00,1.0000000000000000e+01]
Fields:
  var: 9.2717416781323692e+01
Member 38: 
Valid time:2010-01-01T12:00:00Z
Quench geometry grid:
- name: F10
- size: 800
Function space:
- type: StructuredColumns
- size: 676
- nb_partitions: 2
- halo: 3
Vertical levels: 
- number: 10
- vunit: [1.0000000000000000e+00,2.0000000000000000e+00,3.0000000000000000e+00,4.0000000000000000e+00,5.0000000000000000e+00,6.0000000000000000e+00,7.0000000000000000e+00,8.0000000000000000e+00,9.0000000000000000e+00,1.0000000000000000e+01]
Fields:
  var: 9.1589248875722333e+01
Member 39: 
Valid time:2010-01-01T12:00:00Z
Quench geometry grid:
- name: F10
- size: 800
Function space:
- type: StructuredColumns
- size: 676
- nb_partitions: 2
- halo: 3
Vertical levels: 
- number: 10
- vunit: [1.0000000000000000e+00,2.0000000000000000e+00,3.0000000000000000e+00,4.0000000000000000e+00,5.0000000000000000e+00,6.0000000000000000e+00,7.0000000000000000e+00,8.0000000000000000e+00,9.0000000000000000e+00,1.0000000000000000e+01]
Fields:
  var: 9.0735192768571650e+01
Member 40: 
Valid time:2010-01-01T12:00:00Z
Quench geometry grid:
- name: F10
- size: 800
Function space:
- type: StructuredColumns
- size: 676
- nb_partitions: 2
- halo: 3
Vertical levels: 
- number: 10
- vunit: [1.0000000000000000e+00,2.0000000000000000e+00,3.0000000000000000e+00,4.0000000000000000e+00,5.0000000000000000e+00,6.0000000000000000e+00,7.0000000000000000e+00,8.0000000000000000e+00,9.0000000000000000e+00,1.0000000000000000e+01]
Fields:
  var: 8.9049206484851183e+01
Member 41: 
Valid time:2010-01-01T12:00:00Z
Quench geometry grid:
- name: F10
- size: 800
Function space:
- type: StructuredColumns
- size: 676
- nb_partitions: 2
- halo: 3
Vertical levels: 
- number: 10
- vunit: [1.0000000000000000e+00,2.0000000000000000e+00,3.0000000000000000e+00,4.0000000000000000e+00,5.0000000000000000e+00,6.0000000000000000e+00,7.0000000000000000e+00,8.0000000000000000e+00,9.0000000000000000e+00,1.0000000000000000e+01]
Fields:
  var: 9.9056505279859252e+01
Member 42: 
Valid time:2010-01-01T12:00:00Z
Quench geometry grid:
- name: F10
- size: 800
Function space:
- type: StructuredColumns
- size: 676
- nb_partitions: 2
- halo: 3
Vertical levels: 
- number: 10
- vunit: [1.0000000000000000e+00,2.0000000000000000e+00,3.0000000000000000e+00,4.0000000000000000e+00,5.0000000000000000e+00,6.0000000000000000e+00,7.0000000000000000e+00,8.0000000000000000e+00,9.0000000000000000e+00,1.0000000000000000e+01]
Fields:
  var: 8.5696271253235494e+01
Member 43: 
Valid time:2010-01-01T12:00:00Z
Quench geometry grid:
- name: F10
- size: 800
Function space:
- type: StructuredColumns
- size: 676
- nb_partitions: 2
- halo: 3
Vertical levels: 
- number: 10
- vunit: [1.0000000000000000e+00,2.0000000000000000e+00,3.0000000000000000e+00,4.0000000000000000e+00,5.0000000000000000e+00,6.0000000000000000e+00,7.0000000000000000e+00,8.0000000000000000e+00,9.0000000000000000e+00,1.0000000000000000e+01]
Fields:
  var: 9.8510608871322475e+01
Member 44: 
Valid time:2010-01-01T12:00:00Z
Quench geometry grid:
- name: F10
- size: 800
Function space:
- type: StructuredColumns
- size: 676
- nb_partitions: 2
- halo: 3
Vertical levels: 
- number: 10
- vunit: [1.0000000000000000e+00,2.0000000000000000e+00,3.0000000000000000e+00,4.0000000000000000e+00,5.0000000000000000e+00,6.0000000000000000e+00,7.0000000000000000e+00,8.0000000000000000e+00,9.0000000000000000e+00,1.0000000000000000e+01]
Fields:
  var: 7.2838994479711516e+01
Member 45: 
Valid time:2010-01-01T12:00:00Z
Quench geometry grid:
- name: F10
- size: 800
Function space:
- type: StructuredColumns
- size: 676
- nb_partitions: 2
- halo: 3
Vertical levels: 
- number: 10
- vunit: [1.0000000000000000e+00,2.0000000000000000e+00,3.0000000000000000e+00,4.0000000000000000e+00,5.0000000000000000e+00,6.0000000000000000e+00,7.0000000000000000e+00,8.0000000000000000e+00,9.0000000000000000e+00,1.0000000000000000e+01]
Fields:
  var: 9.2219452050609064e+01
Member 46: 
Valid time:2010-01-01T12:00:00Z
Quench geometry grid:
- name: F10
- size: 800
Function space:
- type: StructuredColumns
- size: 676
- nb_partitions: 2
- halo: 3
Vertical levels: 
- number: 10
- vunit: [1.0000000000000000e+00,2.0000000000000000e+00,3.0000000000000000e+00,4.0000000000000000e+00,5.0000000000000000e+00,6.0000000000000000e+00,7.0000000000000000e+00,8.0000000000000000e+00,9.0000000000000000e+00,1.0000000000000000e+01]
Fields:
  var: 7.8565940638184628e+01
Member 47: 
Valid time:2010-01-01T12:00:00Z
Quench geometry grid:
- name: F10
- size: 800
Function space:
- type: StructuredColumns
- size: 676
- nb_partitions: 2
- halo: 3
Vertical levels: 
- number: 10
- vunit: [1.0000000000000000e+00,2.0000000000000000e+00,3.0000000000000000e+00,4.0000000000000000e+00,5.0000000000000000e+00,6.0000000000000000e+00,7.0000000000000000e+00,8.0000000000000000e+00,9.0000000000000000e+00,1.0000000000000000e+01]
Fields:
  var: 9.1204336745739369e+01
Member 48: 
Valid time:2010-01-01T12:00:00Z
Quench geometry grid:
- name: F10
- size: 800
Function space:
- type: StructuredColumns
- size: 676
- nb_partitions: 2
- halo: 3
Vertical levels: 
- number: 10
- vunit: [1.0000000000000000e+00,2.0000000000000000e+00,3.0000000000000000e+00,4.0000000000000000e+00,5.0000000000000000e+00,6.0000000000000000e+00,7.0000000000000000e+00,8.0000000000000000e+00,9.0000000000000000e+00,1.0000000000000000e+01]
Fields:
  var: 7.9672732599913274e+01
Member 49: 
Valid time:2010-01-01T12:00:00Z
Quench geometry grid:
- name: F10
- size: 800
Function space:
- type: StructuredColumns
- size: 676
- nb_partitions: 2
- halo: 3
Vertical levels: 
- number: 10
- vunit: [1.0000000000000000e+00,2.0000000000000000e+00,3.0000000000000000e+00,4.0000000000000000e+00,5.0000000000000000e+00,6.0000000000000000e+00,7.0000000000000000e+00,8.0000000000000000e+00,9.0000000000000000e+00,1.0000000000000000e+01]
Fields:
  var: 8.7333936640671311e+01
