Test     : CostJb   : Nonlinear Jb = 0
Test     : CostJo   : Nonlinear Jo(Stream) = 7820.89, nobs = 600, Jo/n = 13.0348, err = 4e+06
Test     : CostJo   : Nonlinear Jo(Wind) = 1065.61, nobs = 600, Jo/n = 1.77601, err = 6
Test     : CostJo   : Nonlinear Jo(WSpeed) = 144.328, nobs = 300, Jo/n = 0.481094, err = 12
Test     : CostFunction: Nonlinear J = 9030.82
Test     : DRIPCGMinimizer: reduction in residual norm = 0.251369
Test     : CostFunction::addIncrement: Analysis: 
Test     :   Valid time: 2010-01-01T12:00:00Z
Test     :   Resolution = 40, 20, 2
Test     :   Variable = streamfunction
Test     :   Boundary conditions are activated
Test     :   Scaling=  1e+08, Min=     -4.5055, Max=      1.0090, RMS=      1.7667
Test     :   Scaling=  1e+08, Min=     -4.0032, Max=     -0.0000, RMS=      2.0632
Test     :   Scaling=  0.001, Min=     -0.6729, Max=      0.5790, RMS=      0.4464
Test     : CostJb   : Nonlinear Jb = 45.11
Test     : CostJo   : Nonlinear Jo(Stream) = 846.2, nobs = 600, Jo/n = 1.41, err = 4e+06
Test     : CostJo   : Nonlinear Jo(Wind) = 349.5, nobs = 600, Jo/n = 0.5825, err = 6
Test     : CostJo   : Nonlinear Jo(WSpeed) = 48.3, nobs = 300, Jo/n = 0.161, err = 12
Test     : CostFunction: Nonlinear J = 1289
Test     : DRIPCGMinimizer: reduction in residual norm = 0.7219
Test     : CostFunction::addIncrement: Analysis: 
Test     :   Valid time: 2010-01-01T12:00:00Z
Test     :   Resolution = 40, 20, 2
Test     :   Variable = streamfunction
Test     :   Boundary conditions are activated
Test     :   Scaling=  1e+08, Min=     -4.5025, Max=      1.0550, RMS=      1.7751
Test     :   Scaling=  1e+08, Min=     -4.0032, Max=     -0.0000, RMS=      2.0632
Test     :   Scaling=  0.001, Min=     -0.6729, Max=      0.5790, RMS=      0.4464
Test     : CostJb   : Nonlinear Jb = 61.62
Test     : CostJo   : Nonlinear Jo(Stream) = 677.7, nobs = 600, Jo/n = 1.129, err = 4e+06
Test     : CostJo   : Nonlinear Jo(Wind) = 307.8, nobs = 600, Jo/n = 0.513, err = 6
Test     : CostJo   : Nonlinear Jo(WSpeed) = 44.56, nobs = 300, Jo/n = 0.1485, err = 12
Test     : CostFunction: Nonlinear J = 1092
