Test     : CostJb   : Nonlinear Jb = 0
Test     : CostJo   : Nonlinear Jo(Stream) = 11062.1, nobs = 800, Jo/n = 13.8277, err = 4e+06
Test     : CostJo   : Nonlinear Jo(Wind) = 1356.83, nobs = 800, Jo/n = 1.69604, err = 6
Test     : CostJo   : Nonlinear Jo(WSpeed) = 179.84, nobs = 400, Jo/n = 0.4496, err = 12
Test     : CostJcDFI: Nonlinear Jc = 57.9613
Test     : CostFunction: Nonlinear J = 12656.8
Test     : DRPLanczosMinimizer: reduction in residual norm = 0.0173946
Test     : CostFunction::addIncrement: Analysis: 
Test     :   Valid time: 2010-01-01T00:00:00Z
Test     :   Resolution = 40, 20, 2
Test     :   Variable = streamfunction
Test     :   Boundary conditions are activated
Test     :   Scaling=  1e+08, Min=     -5.1862, Max=      1.0360, RMS=      1.8893
Test     :   Scaling=  1e+08, Min=     -4.0032, Max=     -0.0000, RMS=      2.0632
Test     :   Scaling=  0.001, Min=     -0.6729, Max=      0.5790, RMS=      0.4464
Test     : CostJb   : Nonlinear Jb = 31.26
Test     : CostJo   : Nonlinear Jo(Stream) = 472.1, nobs = 800, Jo/n = 0.5902, err = 4e+06
Test     : CostJo   : Nonlinear Jo(Wind) = 153.6, nobs = 800, Jo/n = 0.192, err = 6
Test     : CostJo   : Nonlinear Jo(WSpeed) = 30.14, nobs = 400, Jo/n = 0.07534, err = 12
Test     : CostJcDFI: Nonlinear Jc = 65.81
Test     : CostFunction: Nonlinear J = 752.9
Test     : DRPLanczosMinimizer: reduction in residual norm = 0.1482
Test     : CostFunction::addIncrement: Analysis: 
Test     :   Valid time: 2010-01-01T00:00:00Z
Test     :   Resolution = 40, 20, 2
Test     :   Variable = streamfunction
Test     :   Boundary conditions are activated
Test     :   Scaling=  1e+08, Min=     -5.2411, Max=      1.0555, RMS=      1.9070
Test     :   Scaling=  1e+08, Min=     -4.0032, Max=     -0.0000, RMS=      2.0632
Test     :   Scaling=  0.001, Min=     -0.6729, Max=      0.5790, RMS=      0.4464
Test     : CostJb   : Nonlinear Jb = 29.65
Test     : CostJo   : Nonlinear Jo(Stream) = 102.8, nobs = 800, Jo/n = 0.1285, err = 4e+06
Test     : CostJo   : Nonlinear Jo(Wind) = 70.22, nobs = 800, Jo/n = 0.08778, err = 6
Test     : CostJo   : Nonlinear Jo(WSpeed) = 12.22, nobs = 400, Jo/n = 0.03055, err = 12
Test     : CostJcDFI: Nonlinear Jc = 71.63
Test     : CostFunction: Nonlinear J = 286.6
