Test     : Norm of D11_1 at 2010-01-01T12:00:00Z: 9.968e+12
Test     : Norm of D22_1 at 2010-01-01T12:00:00Z: 2.579e+13
Test     : Norm of D33_1 at 2010-01-01T12:00:00Z: 1.040e+10
Test     : Norm of D12_1 at 2010-01-01T12:00:00Z: 9.114e+12
Test     : Norm of Dcoef_1 at 2010-01-01T12:00:00Z: 1.000e+00
Test     : Norm of DLh_1 at 2010-01-01T12:00:00Z: 2.066e+06
