Test     : Norm of var at 2010-01-01T12:00:00Z: 3.482e+14
Test     : Norm of cor_rh at 2010-01-01T12:00:00Z: 7.027e+06
Test     : Norm of cor_rv at 2010-01-01T12:00:00Z: 3.356e+04
