Test     : CostJb   : Nonlinear Jb = 0
Test     : CostJo   : Nonlinear Jo(Stream) = 7820.89, nobs = 600, Jo/n = 13.0348, err = 4e+06
Test     : CostJo   : Nonlinear Jo(Wind) = 1065.61, nobs = 600, Jo/n = 1.77601, err = 6
Test     : CostJo   : Nonlinear Jo(WSpeed) = 144.328, nobs = 300, Jo/n = 0.481094, err = 12
Test     : CostFunction: Nonlinear J = 9030.82
Test     : DRIPCGMinimizer: reduction in residual norm = 0.163718
Test     : CostFunction::addIncrement: Analysis: 
Test     :   Valid time: 2010-01-01T12:00:00Z
Test     :   Resolution = 40, 20, 2
Test     :   Variable = streamfunction
Test     :   Boundary conditions are activated
Test     :   Scaling=  1e+08, Min=     -4.4538, Max=      1.0405, RMS=      1.7722
Test     :   Scaling=  1e+08, Min=     -4.0032, Max=     -0.0000, RMS=      2.0632
Test     :   Scaling=  0.001, Min=     -0.6729, Max=      0.5790, RMS=      0.4464
Test     : CostJb   : Nonlinear Jb = 25.88
Test     : CostJo   : Nonlinear Jo(Stream) = 540.4, nobs = 600, Jo/n = 0.9006, err = 4e+06
Test     : CostJo   : Nonlinear Jo(Wind) = 274.9, nobs = 600, Jo/n = 0.4581, err = 6
Test     : CostJo   : Nonlinear Jo(WSpeed) = 38.25, nobs = 300, Jo/n = 0.1275, err = 12
Test     : CostFunction: Nonlinear J = 879.4
Test     : DRIPCGMinimizer: reduction in residual norm = 0.5752
Test     : CostFunction::addIncrement: Analysis: 
Test     :   Valid time: 2010-01-01T12:00:00Z
Test     :   Resolution = 40, 20, 2
Test     :   Variable = streamfunction
Test     :   Boundary conditions are activated
Test     :   Scaling=  1e+08, Min=     -4.4137, Max=      1.0208, RMS=      1.7677
Test     :   Scaling=  1e+08, Min=     -4.0032, Max=     -0.0000, RMS=      2.0632
Test     :   Scaling=  0.001, Min=     -0.6729, Max=      0.5790, RMS=      0.4464
Test     : CostJb   : Nonlinear Jb = 34.18
Test     : CostJo   : Nonlinear Jo(Stream) = 449.2, nobs = 600, Jo/n = 0.7486, err = 4e+06
Test     : CostJo   : Nonlinear Jo(Wind) = 196.8, nobs = 600, Jo/n = 0.3279, err = 6
Test     : CostJo   : Nonlinear Jo(WSpeed) = 30.61, nobs = 300, Jo/n = 0.102, err = 12
Test     : CostFunction: Nonlinear J = 710.7
