Test     : Increment: 
Test     :   Valid time: 2010-01-01T12:00:00Z
Test     :   Resolution = 40, 20, 2
Test     :   Variable = streamfunction
Test     :   Boundary conditions are not activated
Test     :   Scaling=  1e+13, Min=      0.0000, Max=     32.4469, RMS=      6.8746
