Test     : Norm of loc_coef at 2010-01-01T00:00:00Z: 8.530e-01
Test     : Norm of loc_rh at 2010-01-01T00:00:00Z: 1.339e+07
Test     : Norm of loc_rv at 2010-01-01T00:00:00Z: 8.805e+04
