Test     : Norm of loc_coef at 2010-01-01T12:00:00Z: 8.433e-01
Test     : Norm of loc_rh at 2010-01-01T12:00:00Z: 1.281e+07
Test     : Norm of loc_rv at 2010-01-01T12:00:00Z: 7.687e+04
