Test     : Norm of loc_coef at 2010-01-01T12:00:00Z: 5.123e-01
Test     : Norm of loc_rh at 2010-01-01T12:00:00Z: 1.762e+07
Test     : Norm of loc_rv at 2010-01-01T12:00:00Z: 5.553e+04
Test     : Norm of hyb_coef at 2010-01-01T12:00:00Z: 5.930e-01
