Test     : Increment: 
Test     :   Valid time: 2010-01-01T12:00:00Z
Test     :   Resolution = 40, 20, 2
Test     :   Variable = streamfunction
Test     :   Boundary conditions are not activated
Test     :   Scaling=  1e+13, Min=     -9.1508, Max=     38.9091, RMS=      6.6919
Test     : Increment: 
Test     :   Valid time: 2010-01-01T12:00:00Z
Test     :   Resolution = 40, 20, 2
Test     :   Variable = streamfunction
Test     :   Boundary conditions are not activated
Test     :   Scaling=      1, Min=      0.0004, Max=      1.0000, RMS=      0.4619
